[INFO] Scanning for projects...
[INFO] 
[INFO] ----------------< com.bookstore:online-book-management >----------------
[INFO] Building Online Book Management System 1.0.0
[INFO]   from pom.xml
[INFO] --------------------------------[ jar ]---------------------------------
[INFO] 
[INFO] >>> spring-boot:3.2.3:run (default-cli) > test-compile @ online-book-management >>>
[INFO] 
[INFO] --- resources:3.3.1:resources (default-resources) @ online-book-management ---
[INFO] Copying 1 resource from src\main\resources to target\classes
[INFO] Copying 18 resources from src\main\resources to target\classes
[INFO] 
[INFO] --- compiler:3.11.0:compile (default-compile) @ online-book-management ---
[INFO] Nothing to compile - all classes are up to date
[INFO] 
[INFO] --- resources:3.3.1:testResources (default-testResources) @ online-book-management ---
[INFO] skip non existing resourceDirectory c:\Users\USER\Downloads\online-book-management (2)\bookstore\src\test\resources
[INFO] 
[INFO] --- compiler:3.11.0:testCompile (default-testCompile) @ online-book-management ---
[INFO] No sources to compile
[INFO] 
[INFO] <<< spring-boot:3.2.3:run (default-cli) < test-compile @ online-book-management <<<
[INFO] 
[INFO] 
[INFO] --- spring-boot:3.2.3:run (default-cli) @ online-book-management ---
[INFO] Attaching agents: []

  .   ____          _            __ _ _
 /\\ / ___'_ __ _ _(_)_ __  __ _ \ \ \ \
( ( )\___ | '_ | '_| | '_ \/ _` | \ \ \ \
 \\/  ___)| |_)| | | | | || (_| |  ) ) ) )
  '  |____| .__|_| |_|_| |_\__, | / / / /
 =========|_|==============|___/=/_/_/_/
 :: Spring Boot ::                (v3.2.3)

2026-04-28T19:11:52.290+05:30  INFO 20900 --- [           main] c.bookstore.BookManagementApplication    : Starting BookManagementApplication using Java 17.0.18 with PID 20900 (C:\Users\USER\Downloads\online-book-management (2)\bookstore\target\classes started by USER in c:\Users\USER\Downloads\online-book-management (2)\bookstore)
2026-04-28T19:11:52.290+05:30 DEBUG 20900 --- [           main] c.bookstore.BookManagementApplication    : Running with Spring Boot v3.2.3, Spring v6.1.4
2026-04-28T19:11:52.290+05:30  INFO 20900 --- [           main] c.bookstore.BookManagementApplication    : No active profile set, falling back to 1 default profile: "default"
2026-04-28T19:11:54.091+05:30  INFO 20900 --- [           main] o.s.b.w.embedded.tomcat.TomcatWebServer  : Tomcat initialized with port 8082 (http)
2026-04-28T19:11:54.116+05:30  INFO 20900 --- [           main] o.apache.catalina.core.StandardService   : Starting service [Tomcat]
2026-04-28T19:11:54.116+05:30  INFO 20900 --- [           main] o.apache.catalina.core.StandardEngine    : Starting Servlet engine: [Apache Tomcat/10.1.19]
2026-04-28T19:11:54.214+05:30  INFO 20900 --- [           main] o.a.c.c.C.[Tomcat].[localhost].[/]       : Initializing Spring embedded WebApplicationContext
2026-04-28T19:11:54.214+05:30  INFO 20900 --- [           main] w.s.c.ServletWebServerApplicationContext : Root WebApplicationContext: initialization completed in 1824 ms
2026-04-28T19:11:54.370+05:30  INFO 20900 --- [           main] com.zaxxer.hikari.HikariDataSource       : HikariPool-1 - Starting...
2026-04-28T19:11:54.525+05:30  INFO 20900 --- [           main] com.zaxxer.hikari.pool.HikariPool        : HikariPool-1 - Added connection org.sqlite.jdbc4.JDBC4Connection@4f3faa70
2026-04-28T19:11:54.534+05:30  INFO 20900 --- [           main] com.zaxxer.hikari.HikariDataSource       : HikariPool-1 - Start completed.
2026-04-28T19:11:55.427+05:30  INFO 20900 --- [           main] o.s.b.w.embedded.tomcat.TomcatWebServer  : Tomcat started on port 8082 (http) with context path ''
2026-04-28T19:11:55.443+05:30  INFO 20900 --- [           main] c.bookstore.BookManagementApplication    : Started BookManagementApplication in 3.73 seconds (process running for 4.268)
2026-04-28T19:13:49.788+05:30  INFO 20900 --- [nio-8082-exec-1] o.a.c.c.C.[Tomcat].[localhost].[/]       : Initializing Spring DispatcherServlet 'dispatcherServlet'
2026-04-28T19:13:49.788+05:30  INFO 20900 --- [nio-8082-exec-1] o.s.web.servlet.DispatcherServlet        : Initializing Servlet 'dispatcherServlet'
2026-04-28T19:13:49.794+05:30  INFO 20900 --- [nio-8082-exec-1] o.s.web.servlet.DispatcherServlet        : Completed initialization in 6 ms
2026-04-28T19:31:02.609+05:30  WARN 20900 --- [l-1 housekeeper] com.zaxxer.hikari.pool.HikariPool        : HikariPool-1 - Thread starvation or clock leap detected (housekeeper delta=8m6s111ms457µs700ns).
